03-22 20:57:40 com_github_MitjaNemec_PlaceFootprints.action_place_footprints 674:Plugin executed on: 'win32'
03-22 20:57:40 com_github_MitjaNemec_PlaceFootprints.action_place_footprints 675:Plugin executed with python version: '3.11.5 (main, Nov  6 2025, 07:48:09) [MSC v.1944 64 bit (AMD64)]'
03-22 20:57:40 com_github_MitjaNemec_PlaceFootprints.action_place_footprints 676:KiCad build version: 9.0.7
03-22 20:57:40 com_github_MitjaNemec_PlaceFootprints.action_place_footprints 677:Plugin version: 4.0.1
03-22 20:57:40 com_github_MitjaNemec_PlaceFootprints.action_place_footprints 678:Frame repr: <wx._core.Frame object at 0x0000018C3E7BC550>
03-22 20:57:40 com_github_MitjaNemec_PlaceFootprints.place_footprints 121:getting a list of all footprints on board
03-22 20:57:40 com_github_MitjaNemec_PlaceFootprints.place_footprints 156:Footprint H3 on root level
03-22 20:57:40 com_github_MitjaNemec_PlaceFootprints.place_footprints 156:Footprint R28 on root level
03-22 20:57:40 com_github_MitjaNemec_PlaceFootprints.place_footprints 156:Footprint R12 on root level
03-22 20:57:40 com_github_MitjaNemec_PlaceFootprints.place_footprints 156:Footprint Q2 on root level
03-22 20:57:40 com_github_MitjaNemec_PlaceFootprints.place_footprints 156:Footprint R7 on root level
03-22 20:57:40 com_github_MitjaNemec_PlaceFootprints.place_footprints 156:Footprint H8 on root level
03-22 20:57:40 com_github_MitjaNemec_PlaceFootprints.place_footprints 156:Footprint U2 on root level
03-22 20:57:40 com_github_MitjaNemec_PlaceFootprints.place_footprints 156:Footprint C47 on root level
03-22 20:57:40 com_github_MitjaNemec_PlaceFootprints.place_footprints 156:Footprint C46 on root level
03-22 20:57:40 com_github_MitjaNemec_PlaceFootprints.place_footprints 156:Footprint H7 on root level
03-22 20:57:40 com_github_MitjaNemec_PlaceFootprints.place_footprints 156:Footprint C53 on root level
03-22 20:57:40 com_github_MitjaNemec_PlaceFootprints.place_footprints 156:Footprint U3 on root level
03-22 20:57:40 com_github_MitjaNemec_PlaceFootprints.place_footprints 156:Footprint C36 on root level
03-22 20:57:40 com_github_MitjaNemec_PlaceFootprints.place_footprints 156:Footprint C48 on root level
03-22 20:57:40 com_github_MitjaNemec_PlaceFootprints.place_footprints 156:Footprint R3 on root level
03-22 20:57:40 com_github_MitjaNemec_PlaceFootprints.place_footprints 156:Footprint R15 on root level
03-22 20:57:40 com_github_MitjaNemec_PlaceFootprints.place_footprints 156:Footprint U5 on root level
03-22 20:57:40 com_github_MitjaNemec_PlaceFootprints.place_footprints 156:Footprint C51 on root level
03-22 20:57:40 com_github_MitjaNemec_PlaceFootprints.place_footprints 156:Footprint C54 on root level
03-22 20:57:40 com_github_MitjaNemec_PlaceFootprints.place_footprints 156:Footprint SW4 on root level
03-22 20:57:40 com_github_MitjaNemec_PlaceFootprints.place_footprints 156:Footprint R5 on root level
03-22 20:57:40 com_github_MitjaNemec_PlaceFootprints.place_footprints 156:Footprint U4 on root level
03-22 20:57:40 com_github_MitjaNemec_PlaceFootprints.place_footprints 156:Footprint C45 on root level
03-22 20:57:40 com_github_MitjaNemec_PlaceFootprints.place_footprints 156:Footprint R11 on root level
03-22 20:57:40 com_github_MitjaNemec_PlaceFootprints.place_footprints 156:Footprint R6 on root level
03-22 20:57:40 com_github_MitjaNemec_PlaceFootprints.place_footprints 156:Footprint C38 on root level
03-22 20:57:40 com_github_MitjaNemec_PlaceFootprints.place_footprints 156:Footprint C42 on root level
03-22 20:57:40 com_github_MitjaNemec_PlaceFootprints.place_footprints 156:Footprint TP1 on root level
03-22 20:57:40 com_github_MitjaNemec_PlaceFootprints.place_footprints 156:Footprint TP2 on root level
03-22 20:57:40 com_github_MitjaNemec_PlaceFootprints.place_footprints 156:Footprint C40 on root level
03-22 20:57:40 com_github_MitjaNemec_PlaceFootprints.place_footprints 156:Footprint R14 on root level
03-22 20:57:40 com_github_MitjaNemec_PlaceFootprints.place_footprints 156:Footprint SW3 on root level
03-22 20:57:40 com_github_MitjaNemec_PlaceFootprints.place_footprints 156:Footprint D1 on root level
03-22 20:57:40 com_github_MitjaNemec_PlaceFootprints.place_footprints 156:Footprint C41 on root level
03-22 20:57:40 com_github_MitjaNemec_PlaceFootprints.place_footprints 156:Footprint JP4 on root level
03-22 20:57:40 com_github_MitjaNemec_PlaceFootprints.place_footprints 156:Footprint JP3 on root level
03-22 20:57:40 com_github_MitjaNemec_PlaceFootprints.place_footprints 156:Footprint TP6 on root level
03-22 20:57:40 com_github_MitjaNemec_PlaceFootprints.place_footprints 156:Footprint R9 on root level
03-22 20:57:40 com_github_MitjaNemec_PlaceFootprints.place_footprints 156:Footprint JP5 on root level
03-22 20:57:40 com_github_MitjaNemec_PlaceFootprints.place_footprints 156:Footprint TP10 on root level
03-22 20:57:40 com_github_MitjaNemec_PlaceFootprints.place_footprints 156:Footprint H4 on root level
03-22 20:57:40 com_github_MitjaNemec_PlaceFootprints.place_footprints 156:Footprint D2 on root level
03-22 20:57:40 com_github_MitjaNemec_PlaceFootprints.place_footprints 156:Footprint C44 on root level
03-22 20:57:40 com_github_MitjaNemec_PlaceFootprints.place_footprints 156:Footprint R4 on root level
03-22 20:57:40 com_github_MitjaNemec_PlaceFootprints.place_footprints 156:Footprint C52 on root level
03-22 20:57:40 com_github_MitjaNemec_PlaceFootprints.place_footprints 156:Footprint C57 on root level
03-22 20:57:40 com_github_MitjaNemec_PlaceFootprints.place_footprints 156:Footprint Q1 on root level
03-22 20:57:40 com_github_MitjaNemec_PlaceFootprints.place_footprints 156:Footprint C37 on root level
03-22 20:57:40 com_github_MitjaNemec_PlaceFootprints.place_footprints 156:Footprint C39 on root level
03-22 20:57:40 com_github_MitjaNemec_PlaceFootprints.place_footprints 156:Footprint D3 on root level
03-22 20:57:40 com_github_MitjaNemec_PlaceFootprints.place_footprints 156:Footprint R30 on root level
03-22 20:57:40 com_github_MitjaNemec_PlaceFootprints.place_footprints 156:Footprint R10 on root level
03-22 20:57:40 com_github_MitjaNemec_PlaceFootprints.place_footprints 156:Footprint TP8 on root level
03-22 20:57:40 com_github_MitjaNemec_PlaceFootprints.place_footprints 156:Footprint H2 on root level
03-22 20:57:40 com_github_MitjaNemec_PlaceFootprints.place_footprints 156:Footprint R26 on root level
03-22 20:57:40 com_github_MitjaNemec_PlaceFootprints.place_footprints 156:Footprint R25 on root level
03-22 20:57:40 com_github_MitjaNemec_PlaceFootprints.place_footprints 156:Footprint C55 on root level
03-22 20:57:40 com_github_MitjaNemec_PlaceFootprints.place_footprints 156:Footprint TP4 on root level
03-22 20:57:40 com_github_MitjaNemec_PlaceFootprints.place_footprints 156:Footprint H5 on root level
03-22 20:57:40 com_github_MitjaNemec_PlaceFootprints.place_footprints 156:Footprint R27 on root level
03-22 20:57:40 com_github_MitjaNemec_PlaceFootprints.place_footprints 156:Footprint R8 on root level
03-22 20:57:40 com_github_MitjaNemec_PlaceFootprints.place_footprints 156:Footprint R13 on root level
03-22 20:57:40 com_github_MitjaNemec_PlaceFootprints.place_footprints 156:Footprint C43 on root level
03-22 20:57:40 com_github_MitjaNemec_PlaceFootprints.place_footprints 156:Footprint R21 on root level
03-22 20:57:40 com_github_MitjaNemec_PlaceFootprints.place_footprints 156:Footprint H1 on root level
03-22 20:57:40 com_github_MitjaNemec_PlaceFootprints.place_footprints 156:Footprint R29 on root level
03-22 20:57:40 com_github_MitjaNemec_PlaceFootprints.place_footprints 156:Footprint TP3 on root level
03-22 20:57:40 com_github_MitjaNemec_PlaceFootprints.place_footprints 156:Footprint C49 on root level
03-22 20:57:40 com_github_MitjaNemec_PlaceFootprints.place_footprints 156:Footprint TP5 on root level
03-22 20:57:40 com_github_MitjaNemec_PlaceFootprints.place_footprints 156:Footprint R31 on root level
03-22 20:57:40 com_github_MitjaNemec_PlaceFootprints.place_footprints 156:Footprint L1 on root level
03-22 20:57:40 com_github_MitjaNemec_PlaceFootprints.place_footprints 156:Footprint SW1 on root level
03-22 20:57:40 com_github_MitjaNemec_PlaceFootprints.place_footprints 156:Footprint TP7 on root level
03-22 20:57:40 com_github_MitjaNemec_PlaceFootprints.place_footprints 156:Footprint R16 on root level
03-22 20:57:40 com_github_MitjaNemec_PlaceFootprints.place_footprints 156:Footprint J5 on root level
03-22 20:57:40 com_github_MitjaNemec_PlaceFootprints.place_footprints 156:Footprint H6 on root level
03-22 20:57:40 com_github_MitjaNemec_PlaceFootprints.place_footprints 156:Footprint TP9 on root level
03-22 20:57:40 com_github_MitjaNemec_PlaceFootprints.place_footprints 156:Footprint R22 on root level
03-22 20:57:40 com_github_MitjaNemec_PlaceFootprints.place_footprints 156:Footprint U7 on root level
03-22 20:57:40 com_github_MitjaNemec_PlaceFootprints.place_footprints 156:Footprint C50 on root level
03-22 20:57:40 com_github_MitjaNemec_PlaceFootprints.place_footprints 156:Footprint SW2 on root level
03-22 20:57:40 com_github_MitjaNemec_PlaceFootprints.place_footprints 156:Footprint LED3 on root level
03-22 20:57:40 com_github_MitjaNemec_PlaceFootprints.place_footprints 156:Footprint C1 on root level
03-22 20:57:40 com_github_MitjaNemec_PlaceFootprints.place_footprints 156:Footprint LED1 on root level
03-22 20:57:40 com_github_MitjaNemec_PlaceFootprints.place_footprints 156:Footprint R19 on root level
03-22 20:57:40 com_github_MitjaNemec_PlaceFootprints.place_footprints 156:Footprint U1 on root level
03-22 20:57:40 com_github_MitjaNemec_PlaceFootprints.place_footprints 156:Footprint J4 on root level
03-22 20:57:40 com_github_MitjaNemec_PlaceFootprints.place_footprints 156:Footprint C56 on root level
03-22 20:57:40 com_github_MitjaNemec_PlaceFootprints.place_footprints 156:Footprint C2 on root level
03-22 20:57:40 com_github_MitjaNemec_PlaceFootprints.place_footprints 156:Footprint NT1 on root level
03-22 20:57:40 com_github_MitjaNemec_PlaceFootprints.place_footprints 156:Footprint J3 on root level
03-22 20:57:40 com_github_MitjaNemec_PlaceFootprints.place_footprints 156:Footprint R17 on root level
03-22 20:57:40 com_github_MitjaNemec_PlaceFootprints.place_footprints 156:Footprint R18 on root level
03-22 20:57:40 com_github_MitjaNemec_PlaceFootprints.place_footprints 156:Footprint LED2 on root level
03-22 20:57:40 com_github_MitjaNemec_PlaceFootprints.place_footprints 156:Footprint R20 on root level
03-22 20:57:40 com_github_MitjaNemec_PlaceFootprints.place_footprints 156:Footprint J2 on root level
03-22 20:57:40 com_github_MitjaNemec_PlaceFootprints.place_footprints 156:Footprint C3 on root level
03-22 20:57:40 com_github_MitjaNemec_PlaceFootprints.action_place_footprints 717:Reference footprint='C4'
03-22 20:57:41 com_github_MitjaNemec_PlaceFootprints.action_place_footprints 858:Reference designator is: C
03-22 20:57:41 com_github_MitjaNemec_PlaceFootprints.action_place_footprints 859:Reference number is: 4
03-22 20:57:41 com_github_MitjaNemec_PlaceFootprints.action_place_footprints 891:Sorted and filtered list:
['C1', 'C2', 'C3', 'C4', 'C5', 'C6', 'C7', 'C8', 'C9', 'C10', 'C11', 'C12', 'C13', 'C14', 'C15', 'C16', 'C17', 'C18', 'C19', 'C20', 'C21', 'C22', 'C23', 'C24', 'C25', 'C26', 'C27', 'C28', 'C29', 'C30']
03-22 20:57:41 com_github_MitjaNemec_PlaceFootprints.action_place_footprints 376:wx.Colour(240, 240, 240, 255)
03-22 20:57:54 com_github_MitjaNemec_PlaceFootprints.action_place_footprints 507:'31,4'
03-22 20:57:54 com_github_MitjaNemec_PlaceFootprints.action_place_footprints 559:Preparing config for reference circular
03-22 20:57:54 com_github_MitjaNemec_PlaceFootprints.action_place_footprints 573:Saving config file
03-22 20:57:54 com_github_MitjaNemec_PlaceFootprints.action_place_footprints 575:Saved the config file
03-22 20:57:54 com_github_MitjaNemec_PlaceFootprints.action_place_footprints 929:Footprints to place:
['C4', 'C5', 'C6', 'C7', 'C8', 'C9', 'C10', 'C11', 'C12', 'C13', 'C14', 'C15', 'C16', 'C17', 'C18', 'C19', 'C20', 'C21', 'C22', 'C23', 'C24', 'C25', 'C26', 'C27', 'C28', 'C29', 'C30']
03-22 20:57:54 com_github_MitjaNemec_PlaceFootprints.place_footprints 359:Starting placing with circular layout
03-22 20:57:54 com_github_MitjaNemec_PlaceFootprints.place_footprints 369:reference footprint position at: VECTOR2I(259525000, 103500000)
03-22 20:57:54 com_github_MitjaNemec_PlaceFootprints.place_footprints 374:rotation center at: (259525000, 134900000.0)
03-22 20:57:54 com_github_MitjaNemec_PlaceFootprints.place_footprints 506:Text of: C4 has property "Keep upright" rotation might not look as intended
03-22 20:57:54 com_github_MitjaNemec_PlaceFootprints.place_footprints 506:Text of: C4 has property "Keep upright" rotation might not look as intended
03-22 20:57:54 com_github_MitjaNemec_PlaceFootprints.place_footprints 506:Text of: C4 has property "Keep upright" rotation might not look as intended
03-22 20:57:54 com_github_MitjaNemec_PlaceFootprints.place_footprints 506:Text of: C4 has property "Keep upright" rotation might not look as intended
03-22 20:57:54 com_github_MitjaNemec_PlaceFootprints.place_footprints 506:Text of: C4 has property "Keep upright" rotation might not look as intended
03-22 20:57:54 com_github_MitjaNemec_PlaceFootprints.place_footprints 506:Text of: C4 has property "Keep upright" rotation might not look as intended
03-22 20:57:54 com_github_MitjaNemec_PlaceFootprints.place_footprints 506:Text of: C4 has property "Keep upright" rotation might not look as intended
03-22 20:57:54 com_github_MitjaNemec_PlaceFootprints.place_footprints 506:Text of: C4 has property "Keep upright" rotation might not look as intended
03-22 20:57:54 com_github_MitjaNemec_PlaceFootprints.place_footprints 506:Text of: C4 has property "Keep upright" rotation might not look as intended
03-22 20:57:54 com_github_MitjaNemec_PlaceFootprints.place_footprints 506:Text of: C4 has property "Keep upright" rotation might not look as intended
03-22 20:57:54 com_github_MitjaNemec_PlaceFootprints.place_footprints 506:Text of: C4 has property "Keep upright" rotation might not look as intended
03-22 20:57:54 com_github_MitjaNemec_PlaceFootprints.place_footprints 506:Text of: C4 has property "Keep upright" rotation might not look as intended
03-22 20:57:54 com_github_MitjaNemec_PlaceFootprints.place_footprints 506:Text of: C4 has property "Keep upright" rotation might not look as intended
03-22 20:57:54 com_github_MitjaNemec_PlaceFootprints.place_footprints 506:Text of: C4 has property "Keep upright" rotation might not look as intended
03-22 20:57:54 com_github_MitjaNemec_PlaceFootprints.place_footprints 506:Text of: C4 has property "Keep upright" rotation might not look as intended
03-22 20:57:54 com_github_MitjaNemec_PlaceFootprints.place_footprints 506:Text of: C4 has property "Keep upright" rotation might not look as intended
03-22 20:57:54 com_github_MitjaNemec_PlaceFootprints.place_footprints 506:Text of: C4 has property "Keep upright" rotation might not look as intended
03-22 20:57:54 com_github_MitjaNemec_PlaceFootprints.place_footprints 506:Text of: C4 has property "Keep upright" rotation might not look as intended
03-22 20:57:54 com_github_MitjaNemec_PlaceFootprints.place_footprints 506:Text of: C4 has property "Keep upright" rotation might not look as intended
03-22 20:57:54 com_github_MitjaNemec_PlaceFootprints.place_footprints 506:Text of: C4 has property "Keep upright" rotation might not look as intended
03-22 20:57:54 com_github_MitjaNemec_PlaceFootprints.place_footprints 506:Text of: C4 has property "Keep upright" rotation might not look as intended
03-22 20:57:54 com_github_MitjaNemec_PlaceFootprints.place_footprints 506:Text of: C4 has property "Keep upright" rotation might not look as intended
03-22 20:57:54 com_github_MitjaNemec_PlaceFootprints.place_footprints 506:Text of: C4 has property "Keep upright" rotation might not look as intended
03-22 20:57:54 com_github_MitjaNemec_PlaceFootprints.place_footprints 506:Text of: C4 has property "Keep upright" rotation might not look as intended
03-22 20:57:54 com_github_MitjaNemec_PlaceFootprints.place_footprints 506:Text of: C4 has property "Keep upright" rotation might not look as intended
03-22 20:57:54 com_github_MitjaNemec_PlaceFootprints.place_footprints 506:Text of: C4 has property "Keep upright" rotation might not look as intended
03-22 20:57:54 com_github_MitjaNemec_PlaceFootprints.place_footprints 506:Text of: C4 has property "Keep upright" rotation might not look as intended
03-22 20:57:54 com_github_MitjaNemec_PlaceFootprints.place_footprints 506:Text of: C4 has property "Keep upright" rotation might not look as intended
03-22 20:57:54 com_github_MitjaNemec_PlaceFootprints.place_footprints 506:Text of: C4 has property "Keep upright" rotation might not look as intended
03-22 20:57:54 com_github_MitjaNemec_PlaceFootprints.place_footprints 506:Text of: C4 has property "Keep upright" rotation might not look as intended
03-22 20:57:54 com_github_MitjaNemec_PlaceFootprints.place_footprints 506:Text of: C4 has property "Keep upright" rotation might not look as intended
03-22 20:57:54 com_github_MitjaNemec_PlaceFootprints.place_footprints 506:Text of: C4 has property "Keep upright" rotation might not look as intended
03-22 20:57:54 com_github_MitjaNemec_PlaceFootprints.place_footprints 506:Text of: C4 has property "Keep upright" rotation might not look as intended
03-22 20:57:54 com_github_MitjaNemec_PlaceFootprints.place_footprints 506:Text of: C4 has property "Keep upright" rotation might not look as intended
03-22 20:57:54 com_github_MitjaNemec_PlaceFootprints.place_footprints 506:Text of: C4 has property "Keep upright" rotation might not look as intended
03-22 20:57:54 com_github_MitjaNemec_PlaceFootprints.place_footprints 506:Text of: C4 has property "Keep upright" rotation might not look as intended
03-22 20:57:54 com_github_MitjaNemec_PlaceFootprints.place_footprints 506:Text of: C4 has property "Keep upright" rotation might not look as intended
03-22 20:57:54 com_github_MitjaNemec_PlaceFootprints.place_footprints 506:Text of: C4 has property "Keep upright" rotation might not look as intended
03-22 20:57:54 com_github_MitjaNemec_PlaceFootprints.place_footprints 506:Text of: C4 has property "Keep upright" rotation might not look as intended
03-22 20:57:54 com_github_MitjaNemec_PlaceFootprints.place_footprints 506:Text of: C4 has property "Keep upright" rotation might not look as intended
03-22 20:57:54 com_github_MitjaNemec_PlaceFootprints.place_footprints 506:Text of: C4 has property "Keep upright" rotation might not look as intended
03-22 20:57:54 com_github_MitjaNemec_PlaceFootprints.place_footprints 506:Text of: C4 has property "Keep upright" rotation might not look as intended
03-22 20:57:54 com_github_MitjaNemec_PlaceFootprints.place_footprints 506:Text of: C4 has property "Keep upright" rotation might not look as intended
03-22 20:57:54 com_github_MitjaNemec_PlaceFootprints.place_footprints 506:Text of: C4 has property "Keep upright" rotation might not look as intended
03-22 20:57:54 com_github_MitjaNemec_PlaceFootprints.place_footprints 506:Text of: C4 has property "Keep upright" rotation might not look as intended
03-22 20:57:54 com_github_MitjaNemec_PlaceFootprints.place_footprints 506:Text of: C4 has property "Keep upright" rotation might not look as intended
03-22 20:57:54 com_github_MitjaNemec_PlaceFootprints.place_footprints 506:Text of: C4 has property "Keep upright" rotation might not look as intended
03-22 20:57:54 com_github_MitjaNemec_PlaceFootprints.place_footprints 506:Text of: C4 has property "Keep upright" rotation might not look as intended
03-22 20:57:54 com_github_MitjaNemec_PlaceFootprints.place_footprints 506:Text of: C4 has property "Keep upright" rotation might not look as intended
03-22 20:57:54 com_github_MitjaNemec_PlaceFootprints.place_footprints 506:Text of: C4 has property "Keep upright" rotation might not look as intended
03-22 20:57:54 com_github_MitjaNemec_PlaceFootprints.place_footprints 506:Text of: C4 has property "Keep upright" rotation might not look as intended
03-22 20:57:54 com_github_MitjaNemec_PlaceFootprints.place_footprints 506:Text of: C4 has property "Keep upright" rotation might not look as intended
03-22 20:57:54 com_github_MitjaNemec_PlaceFootprints.place_footprints 506:Text of: C4 has property "Keep upright" rotation might not look as intended
03-22 20:57:54 com_github_MitjaNemec_PlaceFootprints.place_footprints 506:Text of: C4 has property "Keep upright" rotation might not look as intended
03-22 20:57:54 com_github_MitjaNemec_PlaceFootprints.place_footprints 506:Text of: C4 has property "Keep upright" rotation might not look as intended
03-22 20:57:54 com_github_MitjaNemec_PlaceFootprints.place_footprints 506:Text of: C4 has property "Keep upright" rotation might not look as intended
03-22 20:57:54 com_github_MitjaNemec_PlaceFootprints.place_footprints 506:Text of: C4 has property "Keep upright" rotation might not look as intended
03-22 20:57:54 com_github_MitjaNemec_PlaceFootprints.place_footprints 506:Text of: C4 has property "Keep upright" rotation might not look as intended
03-22 20:57:54 com_github_MitjaNemec_PlaceFootprints.place_footprints 506:Text of: C4 has property "Keep upright" rotation might not look as intended
03-22 20:57:54 com_github_MitjaNemec_PlaceFootprints.place_footprints 506:Text of: C4 has property "Keep upright" rotation might not look as intended
03-22 20:57:54 com_github_MitjaNemec_PlaceFootprints.place_footprints 506:Text of: C4 has property "Keep upright" rotation might not look as intended
03-22 20:57:54 com_github_MitjaNemec_PlaceFootprints.place_footprints 506:Text of: C4 has property "Keep upright" rotation might not look as intended
03-22 20:57:54 com_github_MitjaNemec_PlaceFootprints.place_footprints 506:Text of: C4 has property "Keep upright" rotation might not look as intended
03-22 20:57:54 com_github_MitjaNemec_PlaceFootprints.place_footprints 506:Text of: C4 has property "Keep upright" rotation might not look as intended
03-22 20:57:54 com_github_MitjaNemec_PlaceFootprints.place_footprints 506:Text of: C4 has property "Keep upright" rotation might not look as intended
03-22 20:57:54 com_github_MitjaNemec_PlaceFootprints.place_footprints 506:Text of: C4 has property "Keep upright" rotation might not look as intended
03-22 20:57:54 com_github_MitjaNemec_PlaceFootprints.place_footprints 506:Text of: C4 has property "Keep upright" rotation might not look as intended
03-22 20:57:54 com_github_MitjaNemec_PlaceFootprints.place_footprints 506:Text of: C4 has property "Keep upright" rotation might not look as intended
03-22 20:57:54 com_github_MitjaNemec_PlaceFootprints.place_footprints 506:Text of: C4 has property "Keep upright" rotation might not look as intended
03-22 20:57:54 com_github_MitjaNemec_PlaceFootprints.place_footprints 506:Text of: C4 has property "Keep upright" rotation might not look as intended
03-22 20:57:54 com_github_MitjaNemec_PlaceFootprints.place_footprints 506:Text of: C4 has property "Keep upright" rotation might not look as intended
03-22 20:57:54 com_github_MitjaNemec_PlaceFootprints.place_footprints 506:Text of: C4 has property "Keep upright" rotation might not look as intended
03-22 20:57:54 com_github_MitjaNemec_PlaceFootprints.place_footprints 506:Text of: C4 has property "Keep upright" rotation might not look as intended
03-22 20:57:54 com_github_MitjaNemec_PlaceFootprints.place_footprints 506:Text of: C4 has property "Keep upright" rotation might not look as intended
03-22 20:57:54 com_github_MitjaNemec_PlaceFootprints.place_footprints 506:Text of: C4 has property "Keep upright" rotation might not look as intended
03-22 20:57:54 com_github_MitjaNemec_PlaceFootprints.place_footprints 506:Text of: C4 has property "Keep upright" rotation might not look as intended
03-22 20:57:54 com_github_MitjaNemec_PlaceFootprints.place_footprints 506:Text of: C4 has property "Keep upright" rotation might not look as intended
03-22 20:57:54 com_github_MitjaNemec_PlaceFootprints.place_footprints 506:Text of: C4 has property "Keep upright" rotation might not look as intended
03-22 20:57:54 com_github_MitjaNemec_PlaceFootprints.action_place_footprints 944:Placing complete
